// Jest Snapshot v1, https://goo.gl/fbAQLP

exports[`ComicList Should match snapshot 1`] = `
<styled.ul>
  <styled.li
    key="735"
  >
    <ComicItem
      comic={
        Object {
          "description": "She's fierce, she's sassy...she sticks to walls! AMAZING FANTASY #1 is where it all begins: Meet an all-new, all-different heroine! Fiona Avery (AMAZING SPIDER-MAN) and Mark Brooks (MARVEL AGE SPIDER-MAN) launch a surprising series of teen-friendly adventures set in the current Marvel Universe!",
          "id": 735,
          "thumbnail": "http://i.annihil.us/u/prod/marvel/i/mg/9/80/56cb7746bd44a/standard_medium.jpg",
          "title": "Amazing Fantasy (2004) #1",
        }
      }
    />
  </styled.li>
  <styled.li
    key="529"
  >
    <ComicItem
      comic={
        Object {
          "description": "Sugar and spice and everything nice - that's what this little girl is totally NOT made of!  Marvel's scrappy new hero meets a tall, dark, and handsome stranger who leaves her with more questions than answers.  Who is this guy, anyway? And why has he taken such an interest in her?",
          "id": 529,
          "thumbnail": "http://i.annihil.us/u/prod/marvel/i/mg/6/30/56cb6bb538602/standard_medium.jpg",
          "title": "Amazing Fantasy (2004) #2",
        }
      }
    />
  </styled.li>
</styled.ul>
`;
