// Jest Snapshot v1, https://goo.gl/fbAQLP

exports[`TopBar Should match snapshot 1`] = `ReactWrapper {}`;
