// Jest Snapshot v1, https://goo.gl/fbAQLP

exports[`CharacterCard Should match snapshot 1`] = `ShallowWrapper {}`;

exports[`ComicDetail Should match snapshot 1`] = `ShallowWrapper {}`;
