// Jest Snapshot v1, https://goo.gl/fbAQLP

exports[`ComicDetail Should match snapshot 1`] = `ShallowWrapper {}`;
